test
+- run test failure
[JS] hello world
[JS] first
[JS] second
[JS WARN] watch out
[JS ERROR] something broke
[JS] info
[JS WARN] caution
[JS ERROR] failure
Segmentation fault at address 0xdeadbeef
/Users/vaiditya/Desktop/PROJECTS/metal/tests/net/fetch_tests.zig:53:17: 0x1050259ac in mock_get_body (test)
    out_len.* = @intCast(mock_body.len);
                ^
/Users/vaiditya/Desktop/PROJECTS/metal/src/net/fetch.zig:86:60: 0x10502490f in fetch (test)
        const body_res_ptr = self.bridge.net_fetch_get_body(handle, &body_len_out);
                                                           ^
/Users/vaiditya/Desktop/PROJECTS/metal/tests/net/fetch_tests.zig:76:32: 0x1050253e3 in test.FetchClient success pipeline (test)
    var resp = try client.fetch(.{ .url = "http://example.com" });
                               ^
/opt/homebrew/Cellar/zig/0.15.2/lib/zig/compiler/test_runner.zig:130:29: 0x104f1b37b in mainServer (test)
                test_fn.func() catch |err| switch (err) {
                            ^
/opt/homebrew/Cellar/zig/0.15.2/lib/zig/compiler/test_runner.zig:64:26: 0x104f1897b in main (test)
        return mainServer() catch @panic("internal test runner failure");
                         ^
/opt/homebrew/Cellar/zig/0.15.2/lib/zig/std/start.zig:618:22: 0x104f183a7 in main (test)
            root.main();
                     ^
???:?:?: 0x181aebda3 in ??? (???)
???:?:?: 0x0 in ??? (???)
error: while executing test 'tests.net.fetch_tests.test.FetchClient success pipeline', the following command terminated with signal 6 (expected exited with code 0):
./.zig-cache/o/b3545956ffa91ed8ba15e264552f9099/test --cache-dir=./.zig-cache --seed=0x2871e123 --listen=-

Build Summary: 1/3 steps succeeded; 1 failed; 540/540 tests passed
test transitive failure
+- run test failure

error: the following build command failed with exit code 1:
.zig-cache/o/ae7e16ff3d970be967f148b9e6a6c8ce/build /opt/homebrew/Cellar/zig/0.15.2/bin/zig /opt/homebrew/Cellar/zig/0.15.2/lib/zig /Users/vaiditya/Desktop/PROJECTS/metal .zig-cache /Users/vaiditya/.cache/zig --seed 0x2871e123 -Z9361e9bab4f36b61 test
